../Middlewares/ST/STM32_WPAN/zigbee/include/zcl/zcl.h:1160:1:ZbZclClusterGetEndpoint	16	static
../Middlewares/ST/STM32_WPAN/zigbee/include/zcl/zcl.h:1167:1:ZbZclClusterGetClusterId	16	static
../Middlewares/ST/STM32_WPAN/zigbee/include/zcl/zcl.h:1174:1:ZbZclClusterGetProfileId	16	static
../Middlewares/ST/STM32_WPAN/zigbee/include/zcl/zcl.h:1188:1:ZbZclClusterGetDirection	16	static
../STM32_WPAN/App/app_zigbee_utility.c:55:13:AppZbUtil_WaitReceiveCallbackSemaphoreSet	8	static
../STM32_WPAN/App/app_zigbee_utility.c:60:13:AppZbUtil_WaitReceiveCallbackTimeOutCallback	16	static
../STM32_WPAN/App/app_zigbee_utility.c:65:13:AppZbUtil_WaitReceiveCallbackInit	16	static
../STM32_WPAN/App/app_zigbee_utility.c:79:13:AppZbUtil_WaitReceiveCallbackStart	16	static
../STM32_WPAN/App/app_zigbee_utility.c:93:13:AppZbUtil_RequestNwkAddressCallback	32	static
../STM32_WPAN/App/app_zigbee_utility.c:131:6:AppZbUtil_RequestNwkAddress	80	static
../STM32_WPAN/App/app_zigbee_utility.c:167:13:AppZbUtil_RequestExtendedAddressCallback	32	static
../STM32_WPAN/App/app_zigbee_utility.c:205:6:AppZbUtil_RequestExtendedAddress	64	static
../STM32_WPAN/App/app_zigbee_utility.c:243:13:AppZbUtil_RequestMatchDescriptionCallback	32	static
../STM32_WPAN/App/app_zigbee_utility.c:301:6:AppZbUtil_RequestMatchDescription	144	static
../STM32_WPAN/App/app_zigbee_utility.c:364:13:AppZbUtil_RequestBindWithDeviceCallback	16	static
../STM32_WPAN/App/app_zigbee_utility.c:382:6:AppZbUtil_RequestBindWithDevice	112	static
../STM32_WPAN/App/app_zigbee_utility.c:434:6:AppZbUtil_RequestMyBind	128	static
../STM32_WPAN/App/app_zigbee_utility.c:480:10:AppZbUtil_DisplayBindingTable	96	static
../STM32_WPAN/App/app_zigbee_utility.c:542:10:AppZbUtil_SearchServersOnBindingTable	88	static
../STM32_WPAN/App/app_zigbee_utility.c:592:6:AppZbUtil_AddDeviceWithInstallCode	112	static
