../STM32_WPAN/App/app_zigbee.c:92:6:BSP_PB_Callback	16	static
../STM32_WPAN/App/app_zigbee.c:116:6:APP_ZIGBEE_NwkFormOrJoinTaskInit	16	static
../STM32_WPAN/App/app_zigbee.c:144:13:APP_ZIGBEE_ConfigBasicServer	8	static
../STM32_WPAN/App/app_zigbee.c:180:6:APP_ZIGBEE_StackLayersInit	8	static
../STM32_WPAN/App/app_zigbee.c:230:13:APP_ZIGBEE_ZbCallbackTimeOutTimerCallback	16	static
../STM32_WPAN/App/app_zigbee.c:246:13:APP_ZIGBEE_ZbStartupCallback	16	static
../STM32_WPAN/App/app_zigbee.c:261:6:APP_ZIGBEE_ZbRestartJoinTimerCallback	16	static
../STM32_WPAN/App/app_zigbee.c:272:13:APP_ZIGBEE_WaitForCallback	16	static
../STM32_WPAN/App/app_zigbee.c:288:13:APP_ZIGBEE_BlinckLedTimerCallback	16	static
../STM32_WPAN/App/app_zigbee.c:301:6:APP_ZIGBEE_NwkFormOrJoin	544	static
../STM32_WPAN/App/app_zigbee.c:371:13:APP_ZIGBEE_ConfigMeshNetwork	24	static
../STM32_WPAN/App/app_zigbee.c:402:30:APP_ZIGBEE_DeviceJointCallback	40	static
../STM32_WPAN/App/app_zigbee.c:440:13:APP_ZIGBEE_ZbZdoPermitJoinReqCallback	16	static
../STM32_WPAN/App/app_zigbee.c:459:6:APP_ZIGBEE_PermitJoin	88	static
../STM32_WPAN/App/app_zigbee.c:482:6:APP_ZIGBEE_IsAppliJoinNetwork	24	static
../STM32_WPAN/App/app_zigbee.c:504:6:APP_ZIGBEE_GetCurrentChannel	136	static
../STM32_WPAN/App/app_zigbee.c:546:6:APP_ZIGBEE_SetTxPower	16	static
../STM32_WPAN/App/app_zigbee.c:557:8:APP_ZIGBEE_GetDisplaySecKey	24	static
../STM32_WPAN/App/app_zigbee.c:589:6:APP_ZIGBEE_PrintGenericInfo	24	static
../STM32_WPAN/App/app_zigbee.c:616:13:APP_ZIGBEE_Printf	24	static
../STM32_WPAN/App/app_zigbee.c:632:6:APP_ZIGBEE_Error	16	static
../STM32_WPAN/App/app_zigbee.c:649:13:APP_ZIGBEE_TraceError	24	static
../STM32_WPAN/App/app_zigbee.c:670:6:APP_ZIGBEE_SerialCommandInstallCode	104	static
