../STM32_WPAN/Target/zigbee_plat.c:77:6:ZIGBEE_PLAT_Init	4	static
../STM32_WPAN/Target/zigbee_plat.c:85:6:ZIGBEE_PLAT_RngInit	4	static
../STM32_WPAN/Target/zigbee_plat.c:94:6:ZIGBEE_PLAT_RngProcess	8	static
../STM32_WPAN/Target/zigbee_plat.c:103:6:ZIGBEE_PLAT_RngGet	32	static
../STM32_WPAN/Target/zigbee_plat.c:129:6:ZIGBEE_PLAT_AesEcbEncrypt	24	static
../STM32_WPAN/Target/zigbee_plat.c:137:6:ZIGBEE_PLAT_AesCmacSetKey	16	static
../STM32_WPAN/Target/zigbee_plat.c:145:6:ZIGBEE_PLAT_AesCmacSetVector	16	static
../STM32_WPAN/Target/zigbee_plat.c:153:6:ZIGBEE_PLAT_AesCrypt32	16	static
../STM32_WPAN/Target/zigbee_plat.c:161:6:ZIGBEE_PLAT_AesCrypt	16	static
../STM32_WPAN/Target/zigbee_plat.c:169:6:ZIGBEE_PLAT_AesCmacCompute	24	static
../STM32_WPAN/Target/zigbee_plat.c:177:6:ZIGBEE_PLAT_ZbHeapInit	4	static
../STM32_WPAN/Target/zigbee_plat.c:186:8:ZIGBEE_PLAT_ZbHeapMalloc	24	static
../STM32_WPAN/Target/zigbee_plat.c:198:6:ZIGBEE_PLAT_ZbHeapFree	16	static
../STM32_WPAN/Target/zigbee_plat.c:215:14:ZIGBEE_PLAT_ZbHeapMallocCurrentSize	4	static
../STM32_WPAN/Target/zigbee_plat.c:223:6:ZIGBEE_PLAT_HeapInit	4	static
../STM32_WPAN/Target/zigbee_plat.c:231:8:ZIGBEE_PLAT_HeapMalloc	24	static
../STM32_WPAN/Target/zigbee_plat.c:243:6:ZIGBEE_PLAT_HeapFree	16	static
../STM32_WPAN/Target/zigbee_plat.c:260:14:ZIGBEE_PLAT_HeapMallocCurrentSize	4	static
../STM32_WPAN/Target/zigbee_plat.c:268:15:ZIGBEE_PLAT_HeapAvailable	4	static
../STM32_WPAN/Target/zigbee_plat.c:276:6:ZIGBEE_PLAT_HeapCheckAlloc	16	static
../STM32_WPAN/Target/zigbee_plat.c:285:15:ZIGBEE_PLAT_HeapUsed	4	static
../STM32_WPAN/Target/zigbee_plat.c:294:15:ZIGBEE_PLAT_HeapHighWaterMark	4	static
