../Drivers/STM32WBAxx_HAL_Driver/Inc/stm32wbaxx_ll_pwr.h:852:22:LL_PWR_SetICacheRAMStopRetention	16	static
../Drivers/STM32WBAxx_HAL_Driver/Inc/stm32wbaxx_ll_icache.h:219:22:LL_ICACHE_Enable	4	static
../Drivers/STM32WBAxx_HAL_Driver/Inc/stm32wbaxx_ll_icache.h:252:22:LL_ICACHE_SetMode	16	static
../Core/Src/main.c:80:5:main	16	static
../Core/Src/main.c:182:6:SystemClock_Config	104	static
../Core/Src/main.c:250:6:PeriphCommonClock_Config	80	static
../Core/Src/main.c:270:13:MX_ADC4_Init	24	static
../Core/Src/main.c:329:13:MX_GPDMA1_Init	16	static
../Core/Src/main.c:359:6:MX_ICACHE_Init	8	static
../Core/Src/main.c:389:6:MX_RAMCFG_Init	8	static
../Core/Src/main.c:422:6:MX_RNG_Init	8	static
../Core/Src/main.c:449:6:MX_RTC_Init	88	static
../Core/Src/main.c:519:6:MX_USART1_UART_Init	8	static
../Core/Src/main.c:567:13:MX_GPIO_Init	40	static
../Core/Src/main.c:595:5:_write	24	static
../Core/Src/main.c:607:6:Error_Handler	4	static,ignoring_inline_asm
