../Drivers/CMSIS/Include/core_cm33.h:2390:22:__NVIC_EnableIRQ	16	static,ignoring_inline_asm
../Drivers/CMSIS/Include/core_cm33.h:2428:22:__NVIC_DisableIRQ	16	static,ignoring_inline_asm
../Drivers/STM32WBAxx_HAL_Driver/Inc/stm32wbaxx_ll_rcc.h:1773:22:LL_RCC_RADIO_DisableSleepTimerClock	4	static
../Drivers/STM32WBAxx_HAL_Driver/Inc/stm32wbaxx_ll_tim.h:5005:22:LL_TIM_ClearFlag_UPDATE	16	static
../Drivers/STM32WBAxx_HAL_Driver/Inc/stm32wbaxx_ll_tim.h:5016:26:LL_TIM_IsActiveFlag_UPDATE	16	static
../Core/Src/stm32wbaxx_it.c:81:6:NMI_Handler	4	static
../Core/Src/stm32wbaxx_it.c:96:6:HardFault_Handler	4	static
../Core/Src/stm32wbaxx_it.c:111:6:MemManage_Handler	4	static
../Core/Src/stm32wbaxx_it.c:126:6:BusFault_Handler	4	static
../Core/Src/stm32wbaxx_it.c:141:6:UsageFault_Handler	4	static
../Core/Src/stm32wbaxx_it.c:156:6:SVC_Handler	4	static
../Core/Src/stm32wbaxx_it.c:169:6:DebugMon_Handler	4	static
../Core/Src/stm32wbaxx_it.c:182:6:PendSV_Handler	4	static
../Core/Src/stm32wbaxx_it.c:195:6:SysTick_Handler	8	static
../Core/Src/stm32wbaxx_it.c:216:6:RTC_IRQHandler	8	static
../Core/Src/stm32wbaxx_it.c:231:6:RCC_IRQHandler	8	static
../Core/Src/stm32wbaxx_it.c:261:6:EXTI6_IRQHandler	8	static
../Core/Src/stm32wbaxx_it.c:275:6:EXTI7_IRQHandler	8	static
../Core/Src/stm32wbaxx_it.c:289:6:EXTI13_IRQHandler	8	static
../Core/Src/stm32wbaxx_it.c:303:6:GPDMA1_Channel0_IRQHandler	8	static
../Core/Src/stm32wbaxx_it.c:317:6:GPDMA1_Channel1_IRQHandler	8	static
../Core/Src/stm32wbaxx_it.c:331:6:USART1_IRQHandler	8	static
../Core/Src/stm32wbaxx_it.c:345:6:TIM16_IRQHandler	8	static
../Core/Src/stm32wbaxx_it.c:371:6:RADIO_IRQHandler	8	static,ignoring_inline_asm
../Core/Src/stm32wbaxx_it.c:393:6:HASH_IRQHandler	8	static
